2026-03-22T20:18:10.422-06:00  INFO 44458 --- [examen] [Test worker] c.invex.examen.ExamenApplicationTests    : Starting ExamenApplicationTests using Java 17.0.13 with PID 44458 (started by Y46G89R in /Users/Y46G89R/repos/invex)
2026-03-22T20:18:10.423-06:00 DEBUG 44458 --- [examen] [Test worker] c.invex.examen.ExamenApplicationTests    : Running with Spring Boot v4.0.4, Spring v7.0.6
2026-03-22T20:18:10.423-06:00  INFO 44458 --- [examen] [Test worker] c.invex.examen.ExamenApplicationTests    : No active profile set, falling back to 1 default profile: "default"
2026-03-22T20:18:10.743-06:00  INFO 44458 --- [examen] [Test worker] .s.d.r.c.RepositoryConfigurationDelegate : Bootstrapping Spring Data JPA repositories in DEFAULT mode.
2026-03-22T20:18:10.762-06:00  INFO 44458 --- [examen] [Test worker] .s.d.r.c.RepositoryConfigurationDelegate : Finished Spring Data repository scanning in 15 ms. Found 2 JPA repository interfaces.
2026-03-22T20:18:10.944-06:00  INFO 44458 --- [examen] [Test worker] com.zaxxer.hikari.HikariDataSource       : HikariPool-1 - Starting...
2026-03-22T20:18:11.003-06:00  INFO 44458 --- [examen] [Test worker] com.zaxxer.hikari.pool.HikariPool        : HikariPool-1 - Added connection conn0: url=jdbc:h2:mem:testdb user=SA
2026-03-22T20:18:11.004-06:00  INFO 44458 --- [examen] [Test worker] com.zaxxer.hikari.HikariDataSource       : HikariPool-1 - Start completed.
2026-03-22T20:18:11.029-06:00  INFO 44458 --- [examen] [Test worker] liquibase.database                       : Set default schema name to PUBLIC
2026-03-22T20:18:12.859-06:00  INFO 44458 --- [examen] [Test worker] liquibase.changelog                      : Creating database changelog table with name: PUBLIC.DATABASECHANGELOG
2026-03-22T20:18:13.376-06:00  INFO 44458 --- [examen] [Test worker] liquibase.changelog                      : Reading from PUBLIC.DATABASECHANGELOG
2026-03-22T20:18:13.382-06:00  INFO 44458 --- [examen] [Test worker] liquibase.snapshot                       : Creating snapshot
2026-03-22T20:18:13.418-06:00  INFO 44458 --- [examen] [Test worker] liquibase.lockservice                    : Successfully acquired change log lock
2026-03-22T20:18:13.419-06:00  INFO 44458 --- [examen] [Test worker] liquibase.command                        : Using deploymentId: 4232290938
2026-03-22T20:18:13.420-06:00  INFO 44458 --- [examen] [Test worker] liquibase.changelog                      : Reading from PUBLIC.DATABASECHANGELOG
2026-03-22T20:18:13.431-06:00  INFO 44458 --- [examen] [Test worker] liquibase.ui                             : Running Changeset: db/changelog/db.changelog-master.yaml::1::arturo_nieves
2026-03-22T20:18:13.437-06:00  INFO 44458 --- [examen] [Test worker] liquibase.changelog                      : Table Empleado created
2026-03-22T20:18:13.438-06:00  INFO 44458 --- [examen] [Test worker] liquibase.changelog                      : ChangeSet db/changelog/db.changelog-master.yaml::1::arturo_nieves ran successfully in 6ms
2026-03-22T20:18:13.441-06:00  INFO 44458 --- [examen] [Test worker] liquibase.ui                             : Running Changeset: db/changelog/db.changelog-master.yaml::2::arturo_nieves
2026-03-22T20:18:13.443-06:00  INFO 44458 --- [examen] [Test worker] liquibase.changelog                      : Table Usuario created
2026-03-22T20:18:13.444-06:00  INFO 44458 --- [examen] [Test worker] liquibase.changelog                      : ChangeSet db/changelog/db.changelog-master.yaml::2::arturo_nieves ran successfully in 2ms
2026-03-22T20:18:13.445-06:00  INFO 44458 --- [examen] [Test worker] liquibase.ui                             : Running Changeset: db/changelog/db.changelog-master.yaml::3::arturo_nieves
2026-03-22T20:18:13.446-06:00  INFO 44458 --- [examen] [Test worker] liquibase.changelog                      : New row inserted into Usuario
2026-03-22T20:18:13.446-06:00  INFO 44458 --- [examen] [Test worker] liquibase.changelog                      : ChangeSet db/changelog/db.changelog-master.yaml::3::arturo_nieves ran successfully in 1ms
2026-03-22T20:18:13.451-06:00  INFO 44458 --- [examen] [Test worker] liquibase.util                           : UPDATE SUMMARY
2026-03-22T20:18:13.451-06:00  INFO 44458 --- [examen] [Test worker] liquibase.util                           : Run:                          3
2026-03-22T20:18:13.451-06:00  INFO 44458 --- [examen] [Test worker] liquibase.util                           : Previously run:               0
2026-03-22T20:18:13.451-06:00  INFO 44458 --- [examen] [Test worker] liquibase.util                           : Filtered out:                 0
2026-03-22T20:18:13.451-06:00  INFO 44458 --- [examen] [Test worker] liquibase.util                           : -------------------------------
2026-03-22T20:18:13.451-06:00  INFO 44458 --- [examen] [Test worker] liquibase.util                           : Total change sets:            3
2026-03-22T20:18:13.451-06:00  INFO 44458 --- [examen] [Test worker] liquibase.util                           : Update summary generated
2026-03-22T20:18:13.452-06:00  INFO 44458 --- [examen] [Test worker] liquibase.command                        : Update command completed successfully.
2026-03-22T20:18:13.452-06:00  INFO 44458 --- [examen] [Test worker] liquibase.ui                             : Liquibase: Update has been successful. Rows affected: 1
2026-03-22T20:18:13.453-06:00  INFO 44458 --- [examen] [Test worker] liquibase.lockservice                    : Successfully released change log lock
2026-03-22T20:18:13.454-06:00  INFO 44458 --- [examen] [Test worker] liquibase.command                        : Command execution complete
2026-03-22T20:18:13.494-06:00  INFO 44458 --- [examen] [Test worker] org.hibernate.orm.jpa                    : HHH008540: Processing PersistenceUnitInfo [name: default]
2026-03-22T20:18:13.518-06:00  INFO 44458 --- [examen] [Test worker] org.hibernate.orm.core                   : HHH000001: Hibernate ORM core version 7.2.7.Final
2026-03-22T20:18:13.676-06:00  INFO 44458 --- [examen] [Test worker] o.s.o.j.p.SpringPersistenceUnitInfo      : No LoadTimeWeaver setup: ignoring JPA class transformer
2026-03-22T20:18:13.710-06:00  INFO 44458 --- [examen] [Test worker] org.hibernate.orm.connections.pooling    : HHH10001005: Database info:
	Database JDBC URL [jdbc:h2:mem:testdb]
	Database driver: H2 JDBC Driver
	Database dialect: H2Dialect
	Database version: 2.4.240
	Default catalog/schema: TESTDB/PUBLIC
	Autocommit mode: undefined/unknown
	Isolation level: READ_COMMITTED [default READ_COMMITTED]
	JDBC fetch size: 100
	Pool: DataSourceConnectionProvider
	Minimum pool size: undefined/unknown
	Maximum pool size: undefined/unknown
2026-03-22T20:18:14.015-06:00  INFO 44458 --- [examen] [Test worker] org.hibernate.orm.core                   : HHH000489: No JTA platform available (set 'hibernate.transaction.jta.platform' to enable JTA platform integration)
2026-03-22T20:18:14.017-06:00  INFO 44458 --- [examen] [Test worker] j.LocalContainerEntityManagerFactoryBean : Initialized JPA EntityManagerFactory for persistence unit 'default'
2026-03-22T20:18:14.055-06:00  INFO 44458 --- [examen] [Test worker] o.s.d.j.r.query.QueryEnhancerFactories   : Hibernate is in classpath; If applicable, HQL parser will be used.
2026-03-22T20:18:14.561-06:00  WARN 44458 --- [examen] [Test worker] JpaBaseConfiguration$JpaWebConfiguration : spring.jpa.open-in-view is enabled by default. Therefore, database queries may be performed during view rendering. Explicitly configure spring.jpa.open-in-view to disable this warning
2026-03-22T20:18:14.604-06:00  INFO 44458 --- [examen] [Test worker] r$InitializeUserDetailsManagerConfigurer : Global AuthenticationManager configured with UserDetailsService bean with name usuarioService
2026-03-22T20:18:14.689-06:00  INFO 44458 --- [examen] [Test worker] o.s.v.b.OptionalValidatorFactoryBean     : Failed to set up a Bean Validation provider: jakarta.validation.NoProviderFoundException: Unable to create a Configuration, because no Jakarta Validation provider could be found. Add a provider like Hibernate Validator (RI) to your classpath.
2026-03-22T20:18:14.879-06:00  INFO 44458 --- [examen] [Test worker] o.s.b.a.e.web.EndpointLinksResolver      : Exposing 1 endpoint beneath base path '/actuator'
2026-03-22T20:18:14.905-06:00  INFO 44458 --- [examen] [Test worker] c.invex.examen.ExamenApplicationTests    : Started ExamenApplicationTests in 4.591 seconds (process running for 5.203)
2026-03-22T20:18:15.312-06:00  INFO 44458 --- [examen] [SpringApplicationShutdownHook] j.LocalContainerEntityManagerFactoryBean : Closing JPA EntityManagerFactory for persistence unit 'default'
2026-03-22T20:18:15.314-06:00  INFO 44458 --- [examen] [SpringApplicationShutdownHook] com.zaxxer.hikari.HikariDataSource       : HikariPool-1 - Shutdown initiated...
2026-03-22T20:18:15.315-06:00  INFO 44458 --- [examen] [SpringApplicationShutdownHook] com.zaxxer.hikari.HikariDataSource       : HikariPool-1 - Shutdown completed.
2026-03-22T20:18:17.285-06:00  INFO 44532 --- [examen] [main] com.invex.examen.ExamenApplication       : Starting ExamenApplication using Java 17.0.13 with PID 44532 (/Users/Y46G89R/repos/invex/build/classes/java/main started by Y46G89R in /Users/Y46G89R/repos/invex)
2026-03-22T20:18:17.287-06:00 DEBUG 44532 --- [examen] [main] com.invex.examen.ExamenApplication       : Running with Spring Boot v4.0.4, Spring v7.0.6
2026-03-22T20:18:17.287-06:00  INFO 44532 --- [examen] [main] com.invex.examen.ExamenApplication       : No active profile set, falling back to 1 default profile: "default"
2026-03-22T20:18:17.627-06:00  INFO 44532 --- [examen] [main] .s.d.r.c.RepositoryConfigurationDelegate : Bootstrapping Spring Data JPA repositories in DEFAULT mode.
2026-03-22T20:18:17.647-06:00  INFO 44532 --- [examen] [main] .s.d.r.c.RepositoryConfigurationDelegate : Finished Spring Data repository scanning in 16 ms. Found 2 JPA repository interfaces.
2026-03-22T20:18:17.836-06:00  INFO 44532 --- [examen] [main] o.s.boot.tomcat.TomcatWebServer          : Tomcat initialized with port 8080 (http)
2026-03-22T20:18:17.841-06:00  INFO 44532 --- [examen] [main] o.apache.catalina.core.StandardService   : Starting service [Tomcat]
2026-03-22T20:18:17.841-06:00  INFO 44532 --- [examen] [main] o.apache.catalina.core.StandardEngine    : Starting Servlet engine: [Apache Tomcat/11.0.18]
2026-03-22T20:18:17.859-06:00  INFO 44532 --- [examen] [main] b.w.c.s.WebApplicationContextInitializer : Root WebApplicationContext: initialization completed in 558 ms
2026-03-22T20:18:17.902-06:00 DEBUG 44532 --- [examen] [main] c.invex.examen.config.utility.JwtFilter  : Filter 'jwtFilter' configured for use
2026-03-22T20:18:17.928-06:00  INFO 44532 --- [examen] [main] com.zaxxer.hikari.HikariDataSource       : HikariPool-1 - Starting...
2026-03-22T20:18:17.979-06:00  INFO 44532 --- [examen] [main] com.zaxxer.hikari.pool.HikariPool        : HikariPool-1 - Added connection conn0: url=jdbc:h2:mem:testdb user=SA
2026-03-22T20:18:17.980-06:00  INFO 44532 --- [examen] [main] com.zaxxer.hikari.HikariDataSource       : HikariPool-1 - Start completed.
2026-03-22T20:18:18.002-06:00  INFO 44532 --- [examen] [main] liquibase.database                       : Set default schema name to PUBLIC
2026-03-22T20:18:18.705-06:00  INFO 44532 --- [examen] [main] liquibase.changelog                      : Creating database changelog table with name: PUBLIC.DATABASECHANGELOG
2026-03-22T20:18:18.729-06:00  INFO 44532 --- [examen] [main] liquibase.changelog                      : Reading from PUBLIC.DATABASECHANGELOG
2026-03-22T20:18:18.733-06:00  INFO 44532 --- [examen] [main] liquibase.snapshot                       : Creating snapshot
2026-03-22T20:18:18.763-06:00  INFO 44532 --- [examen] [main] liquibase.lockservice                    : Successfully acquired change log lock
2026-03-22T20:18:18.763-06:00  INFO 44532 --- [examen] [main] liquibase.command                        : Using deploymentId: 4232297923
2026-03-22T20:18:18.764-06:00  INFO 44532 --- [examen] [main] liquibase.changelog                      : Reading from PUBLIC.DATABASECHANGELOG
2026-03-22T20:18:18.771-06:00  INFO 44532 --- [examen] [main] liquibase.ui                             : Running Changeset: db/changelog/db.changelog-master.yaml::1::arturo_nieves
2026-03-22T20:18:18.774-06:00  INFO 44532 --- [examen] [main] liquibase.changelog                      : Table Empleado created
2026-03-22T20:18:18.774-06:00  INFO 44532 --- [examen] [main] liquibase.changelog                      : ChangeSet db/changelog/db.changelog-master.yaml::1::arturo_nieves ran successfully in 3ms
2026-03-22T20:18:18.776-06:00  INFO 44532 --- [examen] [main] liquibase.ui                             : Running Changeset: db/changelog/db.changelog-master.yaml::2::arturo_nieves
2026-03-22T20:18:18.777-06:00  INFO 44532 --- [examen] [main] liquibase.changelog                      : Table Usuario created
2026-03-22T20:18:18.777-06:00  INFO 44532 --- [examen] [main] liquibase.changelog                      : ChangeSet db/changelog/db.changelog-master.yaml::2::arturo_nieves ran successfully in 1ms
2026-03-22T20:18:18.778-06:00  INFO 44532 --- [examen] [main] liquibase.ui                             : Running Changeset: db/changelog/db.changelog-master.yaml::3::arturo_nieves
2026-03-22T20:18:18.779-06:00  INFO 44532 --- [examen] [main] liquibase.changelog                      : New row inserted into Usuario
2026-03-22T20:18:18.779-06:00  INFO 44532 --- [examen] [main] liquibase.changelog                      : ChangeSet db/changelog/db.changelog-master.yaml::3::arturo_nieves ran successfully in 0ms
2026-03-22T20:18:18.782-06:00  INFO 44532 --- [examen] [main] liquibase.util                           : UPDATE SUMMARY
2026-03-22T20:18:18.782-06:00  INFO 44532 --- [examen] [main] liquibase.util                           : Run:                          3
2026-03-22T20:18:18.782-06:00  INFO 44532 --- [examen] [main] liquibase.util                           : Previously run:               0
2026-03-22T20:18:18.782-06:00  INFO 44532 --- [examen] [main] liquibase.util                           : Filtered out:                 0
2026-03-22T20:18:18.782-06:00  INFO 44532 --- [examen] [main] liquibase.util                           : -------------------------------
2026-03-22T20:18:18.782-06:00  INFO 44532 --- [examen] [main] liquibase.util                           : Total change sets:            3
2026-03-22T20:18:18.782-06:00  INFO 44532 --- [examen] [main] liquibase.util                           : Update summary generated
2026-03-22T20:18:18.783-06:00  INFO 44532 --- [examen] [main] liquibase.command                        : Update command completed successfully.
2026-03-22T20:18:18.783-06:00  INFO 44532 --- [examen] [main] liquibase.ui                             : Liquibase: Update has been successful. Rows affected: 1
2026-03-22T20:18:18.784-06:00  INFO 44532 --- [examen] [main] liquibase.lockservice                    : Successfully released change log lock
2026-03-22T20:18:18.784-06:00  INFO 44532 --- [examen] [main] liquibase.command                        : Command execution complete
2026-03-22T20:18:18.812-06:00  INFO 44532 --- [examen] [main] org.hibernate.orm.jpa                    : HHH008540: Processing PersistenceUnitInfo [name: default]
2026-03-22T20:18:18.833-06:00  INFO 44532 --- [examen] [main] org.hibernate.orm.core                   : HHH000001: Hibernate ORM core version 7.2.7.Final
2026-03-22T20:18:18.989-06:00  INFO 44532 --- [examen] [main] o.s.o.j.p.SpringPersistenceUnitInfo      : No LoadTimeWeaver setup: ignoring JPA class transformer
2026-03-22T20:18:19.019-06:00  INFO 44532 --- [examen] [main] org.hibernate.orm.connections.pooling    : HHH10001005: Database info:
	Database JDBC URL [jdbc:h2:mem:testdb]
	Database driver: H2 JDBC Driver
	Database dialect: H2Dialect
	Database version: 2.4.240
	Default catalog/schema: TESTDB/PUBLIC
	Autocommit mode: undefined/unknown
	Isolation level: READ_COMMITTED [default READ_COMMITTED]
	JDBC fetch size: 100
	Pool: DataSourceConnectionProvider
	Minimum pool size: undefined/unknown
	Maximum pool size: undefined/unknown
2026-03-22T20:18:19.311-06:00  INFO 44532 --- [examen] [main] org.hibernate.orm.core                   : HHH000489: No JTA platform available (set 'hibernate.transaction.jta.platform' to enable JTA platform integration)
2026-03-22T20:18:19.314-06:00  INFO 44532 --- [examen] [main] j.LocalContainerEntityManagerFactoryBean : Initialized JPA EntityManagerFactory for persistence unit 'default'
2026-03-22T20:18:19.342-06:00  INFO 44532 --- [examen] [main] o.s.d.j.r.query.QueryEnhancerFactories   : Hibernate is in classpath; If applicable, HQL parser will be used.
2026-03-22T20:18:19.685-06:00  WARN 44532 --- [examen] [main] JpaBaseConfiguration$JpaWebConfiguration : spring.jpa.open-in-view is enabled by default. Therefore, database queries may be performed during view rendering. Explicitly configure spring.jpa.open-in-view to disable this warning
2026-03-22T20:18:19.711-06:00  INFO 44532 --- [examen] [main] r$InitializeUserDetailsManagerConfigurer : Global AuthenticationManager configured with UserDetailsService bean with name usuarioService
2026-03-22T20:18:19.773-06:00  INFO 44532 --- [examen] [main] o.s.v.b.OptionalValidatorFactoryBean     : Failed to set up a Bean Validation provider: jakarta.validation.NoProviderFoundException: Unable to create a Configuration, because no Jakarta Validation provider could be found. Add a provider like Hibernate Validator (RI) to your classpath.
2026-03-22T20:18:19.954-06:00  INFO 44532 --- [examen] [main] o.s.b.a.e.web.EndpointLinksResolver      : Exposing 1 endpoint beneath base path '/actuator'
2026-03-22T20:18:19.987-06:00  INFO 44532 --- [examen] [main] o.s.boot.tomcat.TomcatWebServer          : Tomcat started on port 8080 (http) with context path '/'
2026-03-22T20:18:19.992-06:00  INFO 44532 --- [examen] [main] com.invex.examen.ExamenApplication       : Started ExamenApplication in 2.884 seconds (process running for 3.118)
2026-03-22T20:18:20.100-06:00  INFO 44532 --- [examen] [RMI TCP Connection(3)-192.168.1.71] o.a.c.c.C.[Tomcat].[localhost].[/]       : Initializing Spring DispatcherServlet 'dispatcherServlet'
2026-03-22T20:18:29.303-06:00  INFO 44532 --- [examen] [SpringApplicationShutdownHook] o.s.boot.tomcat.GracefulShutdown         : Commencing graceful shutdown. Waiting for active requests to complete
2026-03-22T20:18:30.313-06:00  INFO 44532 --- [examen] [tomcat-shutdown] o.s.boot.tomcat.GracefulShutdown         : Graceful shutdown complete
2026-03-22T20:18:30.325-06:00  INFO 44532 --- [examen] [SpringApplicationShutdownHook] j.LocalContainerEntityManagerFactoryBean : Closing JPA EntityManagerFactory for persistence unit 'default'
2026-03-22T20:18:30.329-06:00  INFO 44532 --- [examen] [SpringApplicationShutdownHook] com.zaxxer.hikari.HikariDataSource       : HikariPool-1 - Shutdown initiated...
2026-03-22T20:18:30.331-06:00  INFO 44532 --- [examen] [SpringApplicationShutdownHook] com.zaxxer.hikari.HikariDataSource       : HikariPool-1 - Shutdown completed.
2026-03-22T20:18:32.422-06:00  INFO 44575 --- [examen] [main] com.invex.examen.ExamenApplication       : Starting ExamenApplication using Java 17.0.13 with PID 44575 (/Users/Y46G89R/repos/invex/build/classes/java/main started by Y46G89R in /Users/Y46G89R/repos/invex)
2026-03-22T20:18:32.423-06:00 DEBUG 44575 --- [examen] [main] com.invex.examen.ExamenApplication       : Running with Spring Boot v4.0.4, Spring v7.0.6
2026-03-22T20:18:32.424-06:00  INFO 44575 --- [examen] [main] com.invex.examen.ExamenApplication       : No active profile set, falling back to 1 default profile: "default"
2026-03-22T20:18:32.744-06:00  INFO 44575 --- [examen] [main] .s.d.r.c.RepositoryConfigurationDelegate : Bootstrapping Spring Data JPA repositories in DEFAULT mode.
2026-03-22T20:18:32.762-06:00  INFO 44575 --- [examen] [main] .s.d.r.c.RepositoryConfigurationDelegate : Finished Spring Data repository scanning in 15 ms. Found 2 JPA repository interfaces.
2026-03-22T20:18:32.972-06:00  INFO 44575 --- [examen] [main] o.s.boot.tomcat.TomcatWebServer          : Tomcat initialized with port 8080 (http)
2026-03-22T20:18:32.977-06:00  INFO 44575 --- [examen] [main] o.apache.catalina.core.StandardService   : Starting service [Tomcat]
2026-03-22T20:18:32.977-06:00  INFO 44575 --- [examen] [main] o.apache.catalina.core.StandardEngine    : Starting Servlet engine: [Apache Tomcat/11.0.18]
2026-03-22T20:18:32.995-06:00  INFO 44575 --- [examen] [main] b.w.c.s.WebApplicationContextInitializer : Root WebApplicationContext: initialization completed in 557 ms
2026-03-22T20:18:33.039-06:00 DEBUG 44575 --- [examen] [main] c.invex.examen.config.utility.JwtFilter  : Filter 'jwtFilter' configured for use
2026-03-22T20:18:33.067-06:00  INFO 44575 --- [examen] [main] com.zaxxer.hikari.HikariDataSource       : HikariPool-1 - Starting...
2026-03-22T20:18:33.122-06:00  INFO 44575 --- [examen] [main] com.zaxxer.hikari.pool.HikariPool        : HikariPool-1 - Added connection conn0: url=jdbc:h2:mem:testdb user=SA
2026-03-22T20:18:33.123-06:00  INFO 44575 --- [examen] [main] com.zaxxer.hikari.HikariDataSource       : HikariPool-1 - Start completed.
2026-03-22T20:18:33.146-06:00  INFO 44575 --- [examen] [main] liquibase.database                       : Set default schema name to PUBLIC
2026-03-22T20:18:33.852-06:00  INFO 44575 --- [examen] [main] liquibase.changelog                      : Creating database changelog table with name: PUBLIC.DATABASECHANGELOG
2026-03-22T20:18:33.876-06:00  INFO 44575 --- [examen] [main] liquibase.changelog                      : Reading from PUBLIC.DATABASECHANGELOG
2026-03-22T20:18:33.881-06:00  INFO 44575 --- [examen] [main] liquibase.snapshot                       : Creating snapshot
2026-03-22T20:18:33.911-06:00  INFO 44575 --- [examen] [main] liquibase.lockservice                    : Successfully acquired change log lock
2026-03-22T20:18:33.912-06:00  INFO 44575 --- [examen] [main] liquibase.command                        : Using deploymentId: 4232313062
2026-03-22T20:18:33.912-06:00  INFO 44575 --- [examen] [main] liquibase.changelog                      : Reading from PUBLIC.DATABASECHANGELOG
2026-03-22T20:18:33.920-06:00  INFO 44575 --- [examen] [main] liquibase.ui                             : Running Changeset: db/changelog/db.changelog-master.yaml::1::arturo_nieves
2026-03-22T20:18:33.923-06:00  INFO 44575 --- [examen] [main] liquibase.changelog                      : Table Empleado created
2026-03-22T20:18:33.923-06:00  INFO 44575 --- [examen] [main] liquibase.changelog                      : ChangeSet db/changelog/db.changelog-master.yaml::1::arturo_nieves ran successfully in 3ms
2026-03-22T20:18:33.926-06:00  INFO 44575 --- [examen] [main] liquibase.ui                             : Running Changeset: db/changelog/db.changelog-master.yaml::2::arturo_nieves
2026-03-22T20:18:33.927-06:00  INFO 44575 --- [examen] [main] liquibase.changelog                      : Table Usuario created
2026-03-22T20:18:33.927-06:00  INFO 44575 --- [examen] [main] liquibase.changelog                      : ChangeSet db/changelog/db.changelog-master.yaml::2::arturo_nieves ran successfully in 1ms
2026-03-22T20:18:33.928-06:00  INFO 44575 --- [examen] [main] liquibase.ui                             : Running Changeset: db/changelog/db.changelog-master.yaml::3::arturo_nieves
2026-03-22T20:18:33.929-06:00  INFO 44575 --- [examen] [main] liquibase.changelog                      : New row inserted into Usuario
2026-03-22T20:18:33.929-06:00  INFO 44575 --- [examen] [main] liquibase.changelog                      : ChangeSet db/changelog/db.changelog-master.yaml::3::arturo_nieves ran successfully in 1ms
2026-03-22T20:18:33.931-06:00  INFO 44575 --- [examen] [main] liquibase.util                           : UPDATE SUMMARY
2026-03-22T20:18:33.931-06:00  INFO 44575 --- [examen] [main] liquibase.util                           : Run:                          3
2026-03-22T20:18:33.932-06:00  INFO 44575 --- [examen] [main] liquibase.util                           : Previously run:               0
2026-03-22T20:18:33.932-06:00  INFO 44575 --- [examen] [main] liquibase.util                           : Filtered out:                 0
2026-03-22T20:18:33.932-06:00  INFO 44575 --- [examen] [main] liquibase.util                           : -------------------------------
2026-03-22T20:18:33.932-06:00  INFO 44575 --- [examen] [main] liquibase.util                           : Total change sets:            3
2026-03-22T20:18:33.932-06:00  INFO 44575 --- [examen] [main] liquibase.util                           : Update summary generated
2026-03-22T20:18:33.932-06:00  INFO 44575 --- [examen] [main] liquibase.command                        : Update command completed successfully.
2026-03-22T20:18:33.932-06:00  INFO 44575 --- [examen] [main] liquibase.ui                             : Liquibase: Update has been successful. Rows affected: 1
2026-03-22T20:18:33.933-06:00  INFO 44575 --- [examen] [main] liquibase.lockservice                    : Successfully released change log lock
2026-03-22T20:18:33.933-06:00  INFO 44575 --- [examen] [main] liquibase.command                        : Command execution complete
2026-03-22T20:18:33.960-06:00  INFO 44575 --- [examen] [main] org.hibernate.orm.jpa                    : HHH008540: Processing PersistenceUnitInfo [name: default]
2026-03-22T20:18:33.976-06:00  INFO 44575 --- [examen] [main] org.hibernate.orm.core                   : HHH000001: Hibernate ORM core version 7.2.7.Final
2026-03-22T20:18:34.130-06:00  INFO 44575 --- [examen] [main] o.s.o.j.p.SpringPersistenceUnitInfo      : No LoadTimeWeaver setup: ignoring JPA class transformer
2026-03-22T20:18:34.158-06:00  INFO 44575 --- [examen] [main] org.hibernate.orm.connections.pooling    : HHH10001005: Database info:
	Database JDBC URL [jdbc:h2:mem:testdb]
	Database driver: H2 JDBC Driver
	Database dialect: H2Dialect
	Database version: 2.4.240
	Default catalog/schema: TESTDB/PUBLIC
	Autocommit mode: undefined/unknown
	Isolation level: READ_COMMITTED [default READ_COMMITTED]
	JDBC fetch size: 100
	Pool: DataSourceConnectionProvider
	Minimum pool size: undefined/unknown
	Maximum pool size: undefined/unknown
2026-03-22T20:18:34.441-06:00  INFO 44575 --- [examen] [main] org.hibernate.orm.core                   : HHH000489: No JTA platform available (set 'hibernate.transaction.jta.platform' to enable JTA platform integration)
2026-03-22T20:18:34.443-06:00  INFO 44575 --- [examen] [main] j.LocalContainerEntityManagerFactoryBean : Initialized JPA EntityManagerFactory for persistence unit 'default'
2026-03-22T20:18:34.470-06:00  INFO 44575 --- [examen] [main] o.s.d.j.r.query.QueryEnhancerFactories   : Hibernate is in classpath; If applicable, HQL parser will be used.
2026-03-22T20:18:34.799-06:00  WARN 44575 --- [examen] [main] JpaBaseConfiguration$JpaWebConfiguration : spring.jpa.open-in-view is enabled by default. Therefore, database queries may be performed during view rendering. Explicitly configure spring.jpa.open-in-view to disable this warning
2026-03-22T20:18:34.828-06:00  INFO 44575 --- [examen] [main] r$InitializeUserDetailsManagerConfigurer : Global AuthenticationManager configured with UserDetailsService bean with name usuarioService
2026-03-22T20:18:34.892-06:00  INFO 44575 --- [examen] [main] o.s.v.b.OptionalValidatorFactoryBean     : Failed to set up a Bean Validation provider: jakarta.validation.NoProviderFoundException: Unable to create a Configuration, because no Jakarta Validation provider could be found. Add a provider like Hibernate Validator (RI) to your classpath.
2026-03-22T20:18:35.058-06:00  INFO 44575 --- [examen] [main] o.s.b.a.e.web.EndpointLinksResolver      : Exposing 1 endpoint beneath base path '/actuator'
2026-03-22T20:18:35.090-06:00  INFO 44575 --- [examen] [main] o.s.boot.tomcat.TomcatWebServer          : Tomcat started on port 8080 (http) with context path '/'
2026-03-22T20:18:35.095-06:00  INFO 44575 --- [examen] [main] com.invex.examen.ExamenApplication       : Started ExamenApplication in 2.826 seconds (process running for 3.023)
2026-03-22T20:18:35.182-06:00  INFO 44575 --- [examen] [RMI TCP Connection(3)-192.168.1.71] o.a.c.c.C.[Tomcat].[localhost].[/]       : Initializing Spring DispatcherServlet 'dispatcherServlet'
